[     648ms] [INFO] %cDownload the React DevTools for a better development experience: https://react.dev/link/react-devtools font-weight:bold @ http://localhost:5175/node_modules/.vite/deps/react-dom_client.js?v=5898a346:14336
[     876ms] [ERROR] Failed to load resource: the server responded with a status of 404 (Not Found) @ http://localhost:5175/favicon.ico:0
[  832500ms] [INFO] %cDownload the React DevTools for a better development experience: https://react.dev/link/react-devtools font-weight:bold @ http://localhost:5175/node_modules/.vite/deps/react-dom_client.js?v=5898a346:14336
[  865260ms] [INFO] %cDownload the React DevTools for a better development experience: https://react.dev/link/react-devtools font-weight:bold @ http://localhost:5175/node_modules/.vite/deps/react-dom_client.js?v=5898a346:14336
[  865913ms] [INFO] %cDownload the React DevTools for a better development experience: https://react.dev/link/react-devtools font-weight:bold @ http://localhost:5175/node_modules/.vite/deps/react-dom_client.js?v=5898a346:14336
[  870991ms] [INFO] %cDownload the React DevTools for a better development experience: https://react.dev/link/react-devtools font-weight:bold @ http://localhost:5175/node_modules/.vite/deps/react-dom_client.js?v=5898a346:14336
[  912618ms] [INFO] %cDownload the React DevTools for a better development experience: https://react.dev/link/react-devtools font-weight:bold @ http://localhost:5175/node_modules/.vite/deps/react-dom_client.js?v=5898a346:14336
[  995767ms] TypeError: sources is not iterable
    at computeDerivedEffects (http://localhost:5175/src/tradeoff.ts:26:42)
    at http://localhost:5175/src/rail.tsx:10:35
    at mountMemo (http://localhost:5175/node_modules/.vite/deps/react-dom_client.js?v=5898a346:4930:20)
    at Object.useMemo (http://localhost:5175/node_modules/.vite/deps/react-dom_client.js?v=5898a346:13023:13)
    at exports.useMemo (http://localhost:5175/node_modules/.vite/deps/react-DPJ86puS.js?v=22b46335:738:31)
    at Rail (http://localhost:5175/src/rail.tsx:10:21)
    at Object.react_stack_bottom_frame (http://localhost:5175/node_modules/.vite/deps/react-dom_client.js?v=5898a346:12867:12)
    at renderWithHooks (http://localhost:5175/node_modules/.vite/deps/react-dom_client.js?v=5898a346:4212:19)
    at updateFunctionComponent (http://localhost:5175/node_modules/.vite/deps/react-dom_client.js?v=5898a346:5568:16)
    at beginWork (http://localhost:5175/node_modules/.vite/deps/react-dom_client.js?v=5898a346:6139:20)
[  995767ms] [WARNING] %s

%s
 An error occurred in the <Rail> component. Consider adding an error boundary to your tree to customize error handling behavior.
Visit https://react.dev/link/error-boundaries to learn more about error boundaries. @ http://localhost:5175/node_modules/.vite/deps/react-dom_client.js?v=5898a346:5256
[ 1005084ms] [INFO] %cDownload the React DevTools for a better development experience: https://react.dev/link/react-devtools font-weight:bold @ http://localhost:5175/node_modules/.vite/deps/react-dom_client.js?v=5898a346:14336
[ 1005198ms] TypeError: sources is not iterable
    at computeDerivedEffects (http://localhost:5175/src/tradeoff.ts:26:42)
    at http://localhost:5175/src/rail.tsx:10:35
    at mountMemo (http://localhost:5175/node_modules/.vite/deps/react-dom_client.js?v=5898a346:4930:20)
    at Object.useMemo (http://localhost:5175/node_modules/.vite/deps/react-dom_client.js?v=5898a346:13023:13)
    at exports.useMemo (http://localhost:5175/node_modules/.vite/deps/react-DPJ86puS.js?v=22b46335:738:31)
    at Rail (http://localhost:5175/src/rail.tsx:10:21)
    at Object.react_stack_bottom_frame (http://localhost:5175/node_modules/.vite/deps/react-dom_client.js?v=5898a346:12867:12)
    at renderWithHooks (http://localhost:5175/node_modules/.vite/deps/react-dom_client.js?v=5898a346:4212:19)
    at updateFunctionComponent (http://localhost:5175/node_modules/.vite/deps/react-dom_client.js?v=5898a346:5568:16)
    at beginWork (http://localhost:5175/node_modules/.vite/deps/react-dom_client.js?v=5898a346:6139:20)
[ 1005198ms] [WARNING] %s

%s
 An error occurred in the <Rail> component. Consider adding an error boundary to your tree to customize error handling behavior.
Visit https://react.dev/link/error-boundaries to learn more about error boundaries. @ http://localhost:5175/node_modules/.vite/deps/react-dom_client.js?v=5898a346:5256
[ 1020554ms] TypeError: sources is not iterable
    at computeDerivedEffects (http://localhost:5175/src/tradeoff.ts:26:42)
    at http://localhost:5175/src/rail.tsx:10:35
    at mountMemo (http://localhost:5175/node_modules/.vite/deps/react-dom_client.js?v=5898a346:4930:20)
    at Object.useMemo (http://localhost:5175/node_modules/.vite/deps/react-dom_client.js?v=5898a346:13023:13)
    at exports.useMemo (http://localhost:5175/node_modules/.vite/deps/react-DPJ86puS.js?v=22b46335:738:31)
    at Rail (http://localhost:5175/src/rail.tsx:10:21)
    at Object.react_stack_bottom_frame (http://localhost:5175/node_modules/.vite/deps/react-dom_client.js?v=5898a346:12867:12)
    at renderWithHooks (http://localhost:5175/node_modules/.vite/deps/react-dom_client.js?v=5898a346:4212:19)
    at updateFunctionComponent (http://localhost:5175/node_modules/.vite/deps/react-dom_client.js?v=5898a346:5568:16)
    at beginWork (http://localhost:5175/node_modules/.vite/deps/react-dom_client.js?v=5898a346:6139:20)
[ 1020554ms] [WARNING] %s

%s
 An error occurred in the <Rail> component. Consider adding an error boundary to your tree to customize error handling behavior.
Visit https://react.dev/link/error-boundaries to learn more about error boundaries. @ http://localhost:5175/node_modules/.vite/deps/react-dom_client.js?v=5898a346:5256
[ 1020700ms] TypeError: sources is not iterable
    at computeDerivedEffects (http://localhost:5175/src/tradeoff.ts?t=1778813590768:26:42)
    at http://localhost:5175/src/rail.tsx?t=1778813590749:10:35
    at mountMemo (http://localhost:5175/node_modules/.vite/deps/react-dom_client.js?v=5898a346:4930:20)
    at Object.useMemo (http://localhost:5175/node_modules/.vite/deps/react-dom_client.js?v=5898a346:13023:13)
    at exports.useMemo (http://localhost:5175/node_modules/.vite/deps/react-DPJ86puS.js?v=22b46335:738:31)
    at Rail (http://localhost:5175/src/rail.tsx?t=1778813590749:10:21)
    at Object.react_stack_bottom_frame (http://localhost:5175/node_modules/.vite/deps/react-dom_client.js?v=5898a346:12867:12)
    at renderWithHooks (http://localhost:5175/node_modules/.vite/deps/react-dom_client.js?v=5898a346:4212:19)
    at updateFunctionComponent (http://localhost:5175/node_modules/.vite/deps/react-dom_client.js?v=5898a346:5568:16)
    at beginWork (http://localhost:5175/node_modules/.vite/deps/react-dom_client.js?v=5898a346:6139:20)
[ 1020700ms] [WARNING] %s

%s
 An error occurred in the <Rail> component. Consider adding an error boundary to your tree to customize error handling behavior.
Visit https://react.dev/link/error-boundaries to learn more about error boundaries. @ http://localhost:5175/node_modules/.vite/deps/react-dom_client.js?v=5898a346:5256
[ 1033913ms] [INFO] %cDownload the React DevTools for a better development experience: https://react.dev/link/react-devtools font-weight:bold @ http://localhost:5175/node_modules/.vite/deps/react-dom_client.js?v=5898a346:14336
[ 1034018ms] TypeError: sources is not iterable
    at computeDerivedEffects (http://localhost:5175/src/tradeoff.ts?t=1778813590768:26:42)
    at http://localhost:5175/src/rail.tsx?t=1778813590768:10:35
    at mountMemo (http://localhost:5175/node_modules/.vite/deps/react-dom_client.js?v=5898a346:4930:20)
    at Object.useMemo (http://localhost:5175/node_modules/.vite/deps/react-dom_client.js?v=5898a346:13023:13)
    at exports.useMemo (http://localhost:5175/node_modules/.vite/deps/react-DPJ86puS.js?v=22b46335:738:31)
    at Rail (http://localhost:5175/src/rail.tsx?t=1778813590768:10:21)
    at Object.react_stack_bottom_frame (http://localhost:5175/node_modules/.vite/deps/react-dom_client.js?v=5898a346:12867:12)
    at renderWithHooks (http://localhost:5175/node_modules/.vite/deps/react-dom_client.js?v=5898a346:4212:19)
    at updateFunctionComponent (http://localhost:5175/node_modules/.vite/deps/react-dom_client.js?v=5898a346:5568:16)
    at beginWork (http://localhost:5175/node_modules/.vite/deps/react-dom_client.js?v=5898a346:6139:20)
[ 1034017ms] [WARNING] %s

%s
 An error occurred in the <Rail> component. Consider adding an error boundary to your tree to customize error handling behavior.
Visit https://react.dev/link/error-boundaries to learn more about error boundaries. @ http://localhost:5175/node_modules/.vite/deps/react-dom_client.js?v=5898a346:5256
[ 1083020ms] [INFO] %cDownload the React DevTools for a better development experience: https://react.dev/link/react-devtools font-weight:bold @ http://localhost:5175/node_modules/.vite/deps/react-dom_client.js?v=5898a346:14336
[ 1092516ms] ReferenceError: ContributionSummaryLine is not defined
    at DerivedRow (http://localhost:5175/src/instrument.tsx?t=1778813662774:315:40)
    at Object.react_stack_bottom_frame (http://localhost:5175/node_modules/.vite/deps/react-dom_client.js?v=5898a346:12867:12)
    at renderWithHooks (http://localhost:5175/node_modules/.vite/deps/react-dom_client.js?v=5898a346:4212:19)
    at updateFunctionComponent (http://localhost:5175/node_modules/.vite/deps/react-dom_client.js?v=5898a346:5568:16)
    at beginWork (http://localhost:5175/node_modules/.vite/deps/react-dom_client.js?v=5898a346:6139:20)
    at runWithFiberInDEV (http://localhost:5175/node_modules/.vite/deps/react-dom_client.js?v=5898a346:850:66)
    at performUnitOfWork (http://localhost:5175/node_modules/.vite/deps/react-dom_client.js?v=5898a346:8428:92)
    at workLoopSync (http://localhost:5175/node_modules/.vite/deps/react-dom_client.js?v=5898a346:8324:37)
    at renderRootSync (http://localhost:5175/node_modules/.vite/deps/react-dom_client.js?v=5898a346:8308:6)
    at performWorkOnRoot (http://localhost:5175/node_modules/.vite/deps/react-dom_client.js?v=5898a346:7993:27)
[ 1092516ms] [WARNING] %s

%s
 An error occurred in the <DerivedRow> component. Consider adding an error boundary to your tree to customize error handling behavior.
Visit https://react.dev/link/error-boundaries to learn more about error boundaries. @ http://localhost:5175/node_modules/.vite/deps/react-dom_client.js?v=5898a346:5256
[ 1123161ms] [ERROR] Failed to load resource: the server responded with a status of 500 (Internal Server Error) @ http://localhost:5175/src/rail.tsx?t=1778813693472:0
[ 1123162ms] [ERROR] [vite] Failed to reload /src/rail.tsx. This could be due to syntax errors or importing non-existent modules. (see errors above) @ http://localhost:5175/@vite/client:904
[ 1132143ms] [ERROR] Failed to load resource: the server responded with a status of 500 (Internal Server Error) @ http://localhost:5175/src/rail.tsx?t=1778813702466:0
[ 1132143ms] [ERROR] [vite] Failed to reload /src/rail.tsx. This could be due to syntax errors or importing non-existent modules. (see errors above) @ http://localhost:5175/@vite/client:904
[ 1132250ms] [ERROR] Failed to load resource: the server responded with a status of 500 (Internal Server Error) @ http://localhost:5175/src/rail.tsx?t=1778813702474:0
[ 1132253ms] [ERROR] [vite] Failed to reload /src/app.tsx. This could be due to syntax errors or importing non-existent modules. (see errors above) @ http://localhost:5175/@vite/client:904
[ 1148813ms] [INFO] %cDownload the React DevTools for a better development experience: https://react.dev/link/react-devtools font-weight:bold @ http://localhost:5175/node_modules/.vite/deps/react-dom_client.js?v=5898a346:14336
[ 1167675ms] [INFO] %cDownload the React DevTools for a better development experience: https://react.dev/link/react-devtools font-weight:bold @ http://localhost:5175/node_modules/.vite/deps/react-dom_client.js?v=5898a346:14336
[ 1199854ms] [ERROR] Failed to load resource: the server responded with a status of 500 (Internal Server Error) @ http://localhost:5175/src/fader.tsx?t=1778813770179:0
[ 1199854ms] [ERROR] [vite] Failed to reload /src/fader.tsx. This could be due to syntax errors or importing non-existent modules. (see errors above) @ http://localhost:5175/@vite/client:904
[ 1754858ms] TypeError: onToggle is not a function
    at onToggle (http://localhost:5175/src/library.tsx?t=1778814305821:121:22)
    at executeDispatch (http://localhost:5175/node_modules/.vite/deps/react-dom_client.js?v=5898a346:9140:5)
    at runWithFiberInDEV (http://localhost:5175/node_modules/.vite/deps/react-dom_client.js?v=5898a346:850:66)
    at processDispatchQueue (http://localhost:5175/node_modules/.vite/deps/react-dom_client.js?v=5898a346:9166:27)
    at http://localhost:5175/node_modules/.vite/deps/react-dom_client.js?v=5898a346:9453:5
    at batchedUpdates$1 (http://localhost:5175/node_modules/.vite/deps/react-dom_client.js?v=5898a346:2043:12)
    at dispatchEventForPluginEventSystem (http://localhost:5175/node_modules/.vite/deps/react-dom_client.js?v=5898a346:9239:4)
    at dispatchEvent (http://localhost:5175/node_modules/.vite/deps/react-dom_client.js?v=5898a346:11318:29)
    at dispatchDiscreteEvent (http://localhost:5175/node_modules/.vite/deps/react-dom_client.js?v=5898a346:11300:56)
[ 1756036ms] TypeError: onToggle is not a function
    at onToggle (http://localhost:5175/src/library.tsx?t=1778814305821:121:22)
    at executeDispatch (http://localhost:5175/node_modules/.vite/deps/react-dom_client.js?v=5898a346:9140:5)
    at runWithFiberInDEV (http://localhost:5175/node_modules/.vite/deps/react-dom_client.js?v=5898a346:850:66)
    at processDispatchQueue (http://localhost:5175/node_modules/.vite/deps/react-dom_client.js?v=5898a346:9166:27)
    at http://localhost:5175/node_modules/.vite/deps/react-dom_client.js?v=5898a346:9453:5
    at batchedUpdates$1 (http://localhost:5175/node_modules/.vite/deps/react-dom_client.js?v=5898a346:2043:12)
    at dispatchEventForPluginEventSystem (http://localhost:5175/node_modules/.vite/deps/react-dom_client.js?v=5898a346:9239:4)
    at dispatchEvent (http://localhost:5175/node_modules/.vite/deps/react-dom_client.js?v=5898a346:11318:29)
    at dispatchDiscreteEvent (http://localhost:5175/node_modules/.vite/deps/react-dom_client.js?v=5898a346:11300:56)
[ 1756432ms] TypeError: onToggle is not a function
    at onToggle (http://localhost:5175/src/library.tsx?t=1778814305821:121:22)
    at executeDispatch (http://localhost:5175/node_modules/.vite/deps/react-dom_client.js?v=5898a346:9140:5)
    at runWithFiberInDEV (http://localhost:5175/node_modules/.vite/deps/react-dom_client.js?v=5898a346:850:66)
    at processDispatchQueue (http://localhost:5175/node_modules/.vite/deps/react-dom_client.js?v=5898a346:9166:27)
    at http://localhost:5175/node_modules/.vite/deps/react-dom_client.js?v=5898a346:9453:5
    at batchedUpdates$1 (http://localhost:5175/node_modules/.vite/deps/react-dom_client.js?v=5898a346:2043:12)
    at dispatchEventForPluginEventSystem (http://localhost:5175/node_modules/.vite/deps/react-dom_client.js?v=5898a346:9239:4)
    at dispatchEvent (http://localhost:5175/node_modules/.vite/deps/react-dom_client.js?v=5898a346:11318:29)
    at dispatchDiscreteEvent (http://localhost:5175/node_modules/.vite/deps/react-dom_client.js?v=5898a346:11300:56)
[ 1758036ms] TypeError: onToggle is not a function
    at onToggle (http://localhost:5175/src/library.tsx?t=1778814305821:121:22)
    at executeDispatch (http://localhost:5175/node_modules/.vite/deps/react-dom_client.js?v=5898a346:9140:5)
    at runWithFiberInDEV (http://localhost:5175/node_modules/.vite/deps/react-dom_client.js?v=5898a346:850:66)
    at processDispatchQueue (http://localhost:5175/node_modules/.vite/deps/react-dom_client.js?v=5898a346:9166:27)
    at http://localhost:5175/node_modules/.vite/deps/react-dom_client.js?v=5898a346:9453:5
    at batchedUpdates$1 (http://localhost:5175/node_modules/.vite/deps/react-dom_client.js?v=5898a346:2043:12)
    at dispatchEventForPluginEventSystem (http://localhost:5175/node_modules/.vite/deps/react-dom_client.js?v=5898a346:9239:4)
    at dispatchEvent (http://localhost:5175/node_modules/.vite/deps/react-dom_client.js?v=5898a346:11318:29)
    at dispatchDiscreteEvent (http://localhost:5175/node_modules/.vite/deps/react-dom_client.js?v=5898a346:11300:56)
[ 1760706ms] TypeError: onToggle is not a function
    at onToggle (http://localhost:5175/src/library.tsx?t=1778814305821:121:22)
    at executeDispatch (http://localhost:5175/node_modules/.vite/deps/react-dom_client.js?v=5898a346:9140:5)
    at runWithFiberInDEV (http://localhost:5175/node_modules/.vite/deps/react-dom_client.js?v=5898a346:850:66)
    at processDispatchQueue (http://localhost:5175/node_modules/.vite/deps/react-dom_client.js?v=5898a346:9166:27)
    at http://localhost:5175/node_modules/.vite/deps/react-dom_client.js?v=5898a346:9453:5
    at batchedUpdates$1 (http://localhost:5175/node_modules/.vite/deps/react-dom_client.js?v=5898a346:2043:12)
    at dispatchEventForPluginEventSystem (http://localhost:5175/node_modules/.vite/deps/react-dom_client.js?v=5898a346:9239:4)
    at dispatchEvent (http://localhost:5175/node_modules/.vite/deps/react-dom_client.js?v=5898a346:11318:29)
    at dispatchDiscreteEvent (http://localhost:5175/node_modules/.vite/deps/react-dom_client.js?v=5898a346:11300:56)
[ 1761494ms] TypeError: onToggle is not a function
    at onToggle (http://localhost:5175/src/library.tsx?t=1778814305821:121:22)
    at executeDispatch (http://localhost:5175/node_modules/.vite/deps/react-dom_client.js?v=5898a346:9140:5)
    at runWithFiberInDEV (http://localhost:5175/node_modules/.vite/deps/react-dom_client.js?v=5898a346:850:66)
    at processDispatchQueue (http://localhost:5175/node_modules/.vite/deps/react-dom_client.js?v=5898a346:9166:27)
    at http://localhost:5175/node_modules/.vite/deps/react-dom_client.js?v=5898a346:9453:5
    at batchedUpdates$1 (http://localhost:5175/node_modules/.vite/deps/react-dom_client.js?v=5898a346:2043:12)
    at dispatchEventForPluginEventSystem (http://localhost:5175/node_modules/.vite/deps/react-dom_client.js?v=5898a346:9239:4)
    at dispatchEvent (http://localhost:5175/node_modules/.vite/deps/react-dom_client.js?v=5898a346:11318:29)
    at dispatchDiscreteEvent (http://localhost:5175/node_modules/.vite/deps/react-dom_client.js?v=5898a346:11300:56)
[ 1765216ms] TypeError: onToggle is not a function
    at onToggle (http://localhost:5175/src/library.tsx?t=1778814305821:121:22)
    at executeDispatch (http://localhost:5175/node_modules/.vite/deps/react-dom_client.js?v=5898a346:9140:5)
    at runWithFiberInDEV (http://localhost:5175/node_modules/.vite/deps/react-dom_client.js?v=5898a346:850:66)
    at processDispatchQueue (http://localhost:5175/node_modules/.vite/deps/react-dom_client.js?v=5898a346:9166:27)
    at http://localhost:5175/node_modules/.vite/deps/react-dom_client.js?v=5898a346:9453:5
    at batchedUpdates$1 (http://localhost:5175/node_modules/.vite/deps/react-dom_client.js?v=5898a346:2043:12)
    at dispatchEventForPluginEventSystem (http://localhost:5175/node_modules/.vite/deps/react-dom_client.js?v=5898a346:9239:4)
    at dispatchEvent (http://localhost:5175/node_modules/.vite/deps/react-dom_client.js?v=5898a346:11318:29)
    at dispatchDiscreteEvent (http://localhost:5175/node_modules/.vite/deps/react-dom_client.js?v=5898a346:11300:56)
[ 1781189ms] [INFO] %cDownload the React DevTools for a better development experience: https://react.dev/link/react-devtools font-weight:bold @ http://localhost:5175/node_modules/.vite/deps/react-dom_client.js?v=5898a346:14336
